Command line invocation:
    /Applications/Xcode.app/Contents/Developer/usr/bin/xcodebuild test -project Keypath/Keypath.xcodeproj -scheme Keypath -destination platform=macOS

2026-04-28 18:04:09.223 xcodebuild[46498:10119643] [MT] IDERunDestination: Supported platforms for the buildables in the current scheme is empty.
--- xcodebuild: WARNING: Using the first of multiple matching destinations:
{ platform:macOS, arch:arm64, id:00006001-001C102114EB801E, name:My Mac }
{ platform:macOS, arch:x86_64, id:00006001-001C102114EB801E, name:My Mac }
ComputePackagePrebuildTargetDependencyGraph

Prepare packages

CreateBuildRequest

SendProjectDescription

CreateBuildOperation

ComputeTargetDependencyGraph
note: Building targets in dependency order
note: Target dependency graph (3 targets)
    Target 'KeypathUITests' in project 'Keypath'
        ➜ Explicit dependency on target 'Keypath' in project 'Keypath'
    Target 'KeypathTests' in project 'Keypath'
        ➜ Explicit dependency on target 'Keypath' in project 'Keypath'
    Target 'Keypath' in project 'Keypath' (no dependencies)

GatherProvisioningInputs

CreateBuildDescription

ExecuteExternalTool /Applications/Xcode.app/Contents/Developer/Toolchains/XcodeDefault.xctoolchain/usr/bin/swiftc --version

ExecuteExternalTool /Applications/Xcode.app/Contents/Developer/Toolchains/XcodeDefault.xctoolchain/usr/bin/clang -v -E -dM -isysroot /Applications/Xcode.app/Contents/Developer/Platforms/MacOSX.platform/Developer/SDKs/MacOSX26.4.sdk -x c -c /dev/null

ExecuteExternalTool /Applications/Xcode.app/Contents/Developer/usr/bin/actool --version --output-format xml1

ExecuteExternalTool /Applications/Xcode.app/Contents/Developer/Toolchains/XcodeDefault.xctoolchain/usr/bin/ld -version_details

Build description signature: ee4941df7285c2cdd60419705dd48d0f
Build description path: /Users/elyangutierrez/Library/Developer/Xcode/DerivedData/Keypath-abiryohyoafdvgdwjuxzjnfkjoxd/Build/Intermediates.noindex/XCBuildData/ee4941df7285c2cdd60419705dd48d0f.xcbuilddata
ClangStatCache /Applications/Xcode.app/Contents/Developer/Toolchains/XcodeDefault.xctoolchain/usr/bin/clang-stat-cache /Applications/Xcode.app/Contents/Developer/Platforms/MacOSX.platform/Developer/SDKs/MacOSX26.4.sdk /Users/elyangutierrez/Library/Developer/Xcode/DerivedData/SDKStatCaches.noindex/macosx26.4-25E251-688ef53f1462e2c8f657fdc38a81448f30f9ca8789b706f8bd3fc906a70d770f.sdkstatcache
    cd /Users/elyangutierrez/Documents/Developer/IOSDev/Keypath/Keypath/Keypath.xcodeproj
    /Applications/Xcode.app/Contents/Developer/Toolchains/XcodeDefault.xctoolchain/usr/bin/clang-stat-cache /Applications/Xcode.app/Contents/Developer/Platforms/MacOSX.platform/Developer/SDKs/MacOSX26.4.sdk -o /Users/elyangutierrez/Library/Developer/Xcode/DerivedData/SDKStatCaches.noindex/macosx26.4-25E251-688ef53f1462e2c8f657fdc38a81448f30f9ca8789b706f8bd3fc906a70d770f.sdkstatcache

MkDir /Users/elyangutierrez/Library/Developer/Xcode/DerivedData/Keypath-abiryohyoafdvgdwjuxzjnfkjoxd/Build/Products/Debug/Keypath.app/Contents/PlugIns/KeypathTests.xctest (in target 'KeypathTests' from project 'Keypath')
    cd /Users/elyangutierrez/Documents/Developer/IOSDev/Keypath/Keypath
    /bin/mkdir -p /Users/elyangutierrez/Library/Developer/Xcode/DerivedData/Keypath-abiryohyoafdvgdwjuxzjnfkjoxd/Build/Products/Debug/Keypath.app/Contents/PlugIns/KeypathTests.xctest

MkDir /Users/elyangutierrez/Library/Developer/Xcode/DerivedData/Keypath-abiryohyoafdvgdwjuxzjnfkjoxd/Build/Products/Debug/Keypath.app/Contents/PlugIns/KeypathTests.xctest/Contents (in target 'KeypathTests' from project 'Keypath')
    cd /Users/elyangutierrez/Documents/Developer/IOSDev/Keypath/Keypath
    /bin/mkdir -p /Users/elyangutierrez/Library/Developer/Xcode/DerivedData/Keypath-abiryohyoafdvgdwjuxzjnfkjoxd/Build/Products/Debug/Keypath.app/Contents/PlugIns/KeypathTests.xctest/Contents

MkDir /Users/elyangutierrez/Library/Developer/Xcode/DerivedData/Keypath-abiryohyoafdvgdwjuxzjnfkjoxd/Build/Products/Debug/Keypath.app/Contents/PlugIns/KeypathTests.xctest/Contents/MacOS (in target 'KeypathTests' from project 'Keypath')
    cd /Users/elyangutierrez/Documents/Developer/IOSDev/Keypath/Keypath
    /bin/mkdir -p /Users/elyangutierrez/Library/Developer/Xcode/DerivedData/Keypath-abiryohyoafdvgdwjuxzjnfkjoxd/Build/Products/Debug/Keypath.app/Contents/PlugIns/KeypathTests.xctest/Contents/MacOS

MkDir /Users/elyangutierrez/Library/Developer/Xcode/DerivedData/Keypath-abiryohyoafdvgdwjuxzjnfkjoxd/Build/Products/Debug/Keypath.app/Contents/PlugIns (in target 'Keypath' from project 'Keypath')
    cd /Users/elyangutierrez/Documents/Developer/IOSDev/Keypath/Keypath
    /bin/mkdir -p /Users/elyangutierrez/Library/Developer/Xcode/DerivedData/Keypath-abiryohyoafdvgdwjuxzjnfkjoxd/Build/Products/Debug/Keypath.app/Contents/PlugIns

MkDir /Users/elyangutierrez/Library/Developer/Xcode/DerivedData/Keypath-abiryohyoafdvgdwjuxzjnfkjoxd/Build/Products/Debug/Keypath.app/Contents/Frameworks (in target 'Keypath' from project 'Keypath')
    cd /Users/elyangutierrez/Documents/Developer/IOSDev/Keypath/Keypath
    /bin/mkdir -p /Users/elyangutierrez/Library/Developer/Xcode/DerivedData/Keypath-abiryohyoafdvgdwjuxzjnfkjoxd/Build/Products/Debug/Keypath.app/Contents/Frameworks

ProcessProductPackaging "" /Users/elyangutierrez/Library/Developer/Xcode/DerivedData/Keypath-abiryohyoafdvgdwjuxzjnfkjoxd/Build/Intermediates.noindex/Keypath.build/Debug/Keypath.build/Keypath.app.xcent (in target 'Keypath' from project 'Keypath')
    cd /Users/elyangutierrez/Documents/Developer/IOSDev/Keypath/Keypath
    
    Entitlements:
    
    {
    "com.apple.security.get-task-allow" = 1;
}
    
    builtin-productPackagingUtility -entitlements -format xml -o /Users/elyangutierrez/Library/Developer/Xcode/DerivedData/Keypath-abiryohyoafdvgdwjuxzjnfkjoxd/Build/Intermediates.noindex/Keypath.build/Debug/Keypath.build/Keypath.app.xcent

ProcessProductPackagingDER /Users/elyangutierrez/Library/Developer/Xcode/DerivedData/Keypath-abiryohyoafdvgdwjuxzjnfkjoxd/Build/Intermediates.noindex/Keypath.build/Debug/Keypath.build/Keypath.app.xcent /Users/elyangutierrez/Library/Developer/Xcode/DerivedData/Keypath-abiryohyoafdvgdwjuxzjnfkjoxd/Build/Intermediates.noindex/Keypath.build/Debug/Keypath.build/Keypath.app.xcent.der (in target 'Keypath' from project 'Keypath')
    cd /Users/elyangutierrez/Documents/Developer/IOSDev/Keypath/Keypath
    /usr/bin/derq query -f xml -i /Users/elyangutierrez/Library/Developer/Xcode/DerivedData/Keypath-abiryohyoafdvgdwjuxzjnfkjoxd/Build/Intermediates.noindex/Keypath.build/Debug/Keypath.build/Keypath.app.xcent -o /Users/elyangutierrez/Library/Developer/Xcode/DerivedData/Keypath-abiryohyoafdvgdwjuxzjnfkjoxd/Build/Intermediates.noindex/Keypath.build/Debug/Keypath.build/Keypath.app.xcent.der --raw

Copy /Users/elyangutierrez/Library/Developer/Xcode/DerivedData/Keypath-abiryohyoafdvgdwjuxzjnfkjoxd/Build/Products/Debug/Keypath.app/Contents/Frameworks/XCTestSupport.framework /Applications/Xcode.app/Contents/Developer/Platforms/MacOSX.platform/Developer/Library/PrivateFrameworks/XCTestSupport.framework (in target 'Keypath' from project 'Keypath')
    cd /Users/elyangutierrez/Documents/Developer/IOSDev/Keypath/Keypath
    builtin-copy -exclude .DS_Store -exclude CVS -exclude .svn -exclude .git -exclude .hg -exclude Headers -exclude PrivateHeaders -exclude Modules -exclude \*.tbd -resolve-src-symlinks /Applications/Xcode.app/Contents/Developer/Platforms/MacOSX.platform/Developer/Library/PrivateFrameworks/XCTestSupport.framework /Users/elyangutierrez/Library/Developer/Xcode/DerivedData/Keypath-abiryohyoafdvgdwjuxzjnfkjoxd/Build/Products/Debug/Keypath.app/Contents/Frameworks

Copy /Users/elyangutierrez/Library/Developer/Xcode/DerivedData/Keypath-abiryohyoafdvgdwjuxzjnfkjoxd/Build/Products/Debug/Keypath.app/Contents/Frameworks/libXCTestSwiftSupport.dylib /Applications/Xcode.app/Contents/Developer/Platforms/MacOSX.platform/Developer/usr/lib/libXCTestSwiftSupport.dylib (in target 'Keypath' from project 'Keypath')
    cd /Users/elyangutierrez/Documents/Developer/IOSDev/Keypath/Keypath
    builtin-copy -exclude .DS_Store -exclude CVS -exclude .svn -exclude .git -exclude .hg -exclude Headers -exclude PrivateHeaders -exclude Modules -exclude \*.tbd -resolve-src-symlinks /Applications/Xcode.app/Contents/Developer/Platforms/MacOSX.platform/Developer/usr/lib/libXCTestSwiftSupport.dylib /Users/elyangutierrez/Library/Developer/Xcode/DerivedData/Keypath-abiryohyoafdvgdwjuxzjnfkjoxd/Build/Products/Debug/Keypath.app/Contents/Frameworks

Copy /Users/elyangutierrez/Library/Developer/Xcode/DerivedData/Keypath-abiryohyoafdvgdwjuxzjnfkjoxd/Build/Products/Debug/Keypath.app/Contents/Frameworks/XCUIAutomation.framework /Applications/Xcode.app/Contents/Developer/Platforms/MacOSX.platform/Developer/Library/Frameworks/XCUIAutomation.framework (in target 'Keypath' from project 'Keypath')
    cd /Users/elyangutierrez/Documents/Developer/IOSDev/Keypath/Keypath
    builtin-copy -exclude .DS_Store -exclude CVS -exclude .svn -exclude .git -exclude .hg -exclude Headers -exclude PrivateHeaders -exclude Modules -exclude \*.tbd -resolve-src-symlinks /Applications/Xcode.app/Contents/Developer/Platforms/MacOSX.platform/Developer/Library/Frameworks/XCUIAutomation.framework /Users/elyangutierrez/Library/Developer/Xcode/DerivedData/Keypath-abiryohyoafdvgdwjuxzjnfkjoxd/Build/Products/Debug/Keypath.app/Contents/Frameworks

Copy /Users/elyangutierrez/Library/Developer/Xcode/DerivedData/Keypath-abiryohyoafdvgdwjuxzjnfkjoxd/Build/Products/Debug/Keypath.app/Contents/Frameworks/XCTestCore.framework /Applications/Xcode.app/Contents/Developer/Platforms/MacOSX.platform/Developer/Library/PrivateFrameworks/XCTestCore.framework (in target 'Keypath' from project 'Keypath')
    cd /Users/elyangutierrez/Documents/Developer/IOSDev/Keypath/Keypath
    builtin-copy -exclude .DS_Store -exclude CVS -exclude .svn -exclude .git -exclude .hg -exclude Headers -exclude PrivateHeaders -exclude Modules -exclude \*.tbd -resolve-src-symlinks /Applications/Xcode.app/Contents/Developer/Platforms/MacOSX.platform/Developer/Library/PrivateFrameworks/XCTestCore.framework /Users/elyangutierrez/Library/Developer/Xcode/DerivedData/Keypath-abiryohyoafdvgdwjuxzjnfkjoxd/Build/Products/Debug/Keypath.app/Contents/Frameworks

Copy /Users/elyangutierrez/Library/Developer/Xcode/DerivedData/Keypath-abiryohyoafdvgdwjuxzjnfkjoxd/Build/Products/Debug/Keypath.app/Contents/Frameworks/XCTest.framework /Applications/Xcode.app/Contents/Developer/Platforms/MacOSX.platform/Developer/Library/Frameworks/XCTest.framework (in target 'Keypath' from project 'Keypath')
    cd /Users/elyangutierrez/Documents/Developer/IOSDev/Keypath/Keypath
    builtin-copy -exclude .DS_Store -exclude CVS -exclude .svn -exclude .git -exclude .hg -exclude Headers -exclude PrivateHeaders -exclude Modules -exclude \*.tbd -resolve-src-symlinks /Applications/Xcode.app/Contents/Developer/Platforms/MacOSX.platform/Developer/Library/Frameworks/XCTest.framework /Users/elyangutierrez/Library/Developer/Xcode/DerivedData/Keypath-abiryohyoafdvgdwjuxzjnfkjoxd/Build/Products/Debug/Keypath.app/Contents/Frameworks

Copy /Users/elyangutierrez/Library/Developer/Xcode/DerivedData/Keypath-abiryohyoafdvgdwjuxzjnfkjoxd/Build/Products/Debug/Keypath.app/Contents/Frameworks/XCUnit.framework /Applications/Xcode.app/Contents/Developer/Platforms/MacOSX.platform/Developer/Library/PrivateFrameworks/XCUnit.framework (in target 'Keypath' from project 'Keypath')
    cd /Users/elyangutierrez/Documents/Developer/IOSDev/Keypath/Keypath
    builtin-copy -exclude .DS_Store -exclude CVS -exclude .svn -exclude .git -exclude .hg -exclude Headers -exclude PrivateHeaders -exclude Modules -exclude \*.tbd -resolve-src-symlinks /Applications/Xcode.app/Contents/Developer/Platforms/MacOSX.platform/Developer/Library/PrivateFrameworks/XCUnit.framework /Users/elyangutierrez/Library/Developer/Xcode/DerivedData/Keypath-abiryohyoafdvgdwjuxzjnfkjoxd/Build/Products/Debug/Keypath.app/Contents/Frameworks

Copy /Users/elyangutierrez/Library/Developer/Xcode/DerivedData/Keypath-abiryohyoafdvgdwjuxzjnfkjoxd/Build/Products/Debug/Keypath.app/Contents/Frameworks/XCTAutomationSupport.framework /Applications/Xcode.app/Contents/Developer/Platforms/MacOSX.platform/Developer/Library/PrivateFrameworks/XCTAutomationSupport.framework (in target 'Keypath' from project 'Keypath')
    cd /Users/elyangutierrez/Documents/Developer/IOSDev/Keypath/Keypath
    builtin-copy -exclude .DS_Store -exclude CVS -exclude .svn -exclude .git -exclude .hg -exclude Headers -exclude PrivateHeaders -exclude Modules -exclude \*.tbd -resolve-src-symlinks /Applications/Xcode.app/Contents/Developer/Platforms/MacOSX.platform/Developer/Library/PrivateFrameworks/XCTAutomationSupport.framework /Users/elyangutierrez/Library/Developer/Xcode/DerivedData/Keypath-abiryohyoafdvgdwjuxzjnfkjoxd/Build/Products/Debug/Keypath.app/Contents/Frameworks

Ld /Users/elyangutierrez/Library/Developer/Xcode/DerivedData/Keypath-abiryohyoafdvgdwjuxzjnfkjoxd/Build/Products/Debug/Keypath.app/Contents/MacOS/Keypath.debug.dylib normal (in target 'Keypath' from project 'Keypath')
    cd /Users/elyangutierrez/Documents/Developer/IOSDev/Keypath/Keypath
    /Applications/Xcode.app/Contents/Developer/Toolchains/XcodeDefault.xctoolchain/usr/bin/clang -Xlinker -reproducible -target arm64-apple-macos26.2 -dynamiclib -isysroot /Applications/Xcode.app/Contents/Developer/Platforms/MacOSX.platform/Developer/SDKs/MacOSX26.4.sdk -O0 -L/Users/elyangutierrez/Library/Developer/Xcode/DerivedData/Keypath-abiryohyoafdvgdwjuxzjnfkjoxd/Build/Intermediates.noindex/EagerLinkingTBDs/Debug -L/Users/elyangutierrez/Library/Developer/Xcode/DerivedData/Keypath-abiryohyoafdvgdwjuxzjnfkjoxd/Build/Products/Debug -F/Users/elyangutierrez/Library/Developer/Xcode/DerivedData/Keypath-abiryohyoafdvgdwjuxzjnfkjoxd/Build/Intermediates.noindex/EagerLinkingTBDs/Debug -F/Users/elyangutierrez/Library/Developer/Xcode/DerivedData/Keypath-abiryohyoafdvgdwjuxzjnfkjoxd/Build/Products/Debug -filelist /Users/elyangutierrez/Library/Developer/Xcode/DerivedData/Keypath-abiryohyoafdvgdwjuxzjnfkjoxd/Build/Intermediates.noindex/Keypath.build/Debug/Keypath.build/Objects-normal/arm64/Keypath.LinkFileList -install_name @rpath/Keypath.debug.dylib -Xlinker -rpath -Xlinker @executable_path/../Frameworks -Xlinker -dead_strip -Xlinker -object_path_lto -Xlinker /Users/elyangutierrez/Library/Developer/Xcode/DerivedData/Keypath-abiryohyoafdvgdwjuxzjnfkjoxd/Build/Intermediates.noindex/Keypath.build/Debug/Keypath.build/Objects-normal/arm64/Keypath_lto.o -rdynamic -Xlinker -no_deduplicate -Xlinker -debug_variant -Xlinker -dependency_info -Xlinker /Users/elyangutierrez/Library/Developer/Xcode/DerivedData/Keypath-abiryohyoafdvgdwjuxzjnfkjoxd/Build/Intermediates.noindex/Keypath.build/Debug/Keypath.build/Objects-normal/arm64/Keypath_dependency_info.dat -fobjc-link-runtime -fprofile-instr-generate -L/Applications/Xcode.app/Contents/Developer/Toolchains/XcodeDefault.xctoolchain/usr/lib/swift/macosx -L/usr/lib/swift -Xlinker -add_ast_path -Xlinker /Users/elyangutierrez/Library/Developer/Xcode/DerivedData/Keypath-abiryohyoafdvgdwjuxzjnfkjoxd/Build/Intermediates.noindex/Keypath.build/Debug/Keypath.build/Objects-normal/arm64/Keypath.swiftmodule @/Users/elyangutierrez/Library/Developer/Xcode/DerivedData/Keypath-abiryohyoafdvgdwjuxzjnfkjoxd/Build/Intermediates.noindex/Keypath.build/Debug/Keypath.build/Objects-normal/arm64/Keypath-linker-args.resp -Xlinker -alias -Xlinker _main -Xlinker ___debug_main_executable_dylib_entry_point -Xlinker -no_adhoc_codesign -o /Users/elyangutierrez/Library/Developer/Xcode/DerivedData/Keypath-abiryohyoafdvgdwjuxzjnfkjoxd/Build/Products/Debug/Keypath.app/Contents/MacOS/Keypath.debug.dylib

Copy /Users/elyangutierrez/Library/Developer/Xcode/DerivedData/Keypath-abiryohyoafdvgdwjuxzjnfkjoxd/Build/Products/Debug/Keypath.app/Contents/Frameworks/libXCTestBundleInject.dylib /Applications/Xcode.app/Contents/Developer/Platforms/MacOSX.platform/Developer/usr/lib/libXCTestBundleInject.dylib (in target 'Keypath' from project 'Keypath')
    cd /Users/elyangutierrez/Documents/Developer/IOSDev/Keypath/Keypath
    builtin-copy -exclude .DS_Store -exclude CVS -exclude .svn -exclude .git -exclude .hg -exclude Headers -exclude PrivateHeaders -exclude Modules -exclude \*.tbd -resolve-src-symlinks /Applications/Xcode.app/Contents/Developer/Platforms/MacOSX.platform/Developer/usr/lib/libXCTestBundleInject.dylib /Users/elyangutierrez/Library/Developer/Xcode/DerivedData/Keypath-abiryohyoafdvgdwjuxzjnfkjoxd/Build/Products/Debug/Keypath.app/Contents/Frameworks

Copy /Users/elyangutierrez/Library/Developer/Xcode/DerivedData/Keypath-abiryohyoafdvgdwjuxzjnfkjoxd/Build/Products/Debug/Keypath.app/Contents/Frameworks/Testing.framework /Applications/Xcode.app/Contents/Developer/Platforms/MacOSX.platform/Developer/Library/Frameworks/Testing.framework (in target 'Keypath' from project 'Keypath')
    cd /Users/elyangutierrez/Documents/Developer/IOSDev/Keypath/Keypath
    builtin-copy -exclude .DS_Store -exclude CVS -exclude .svn -exclude .git -exclude .hg -exclude Headers -exclude PrivateHeaders -exclude Modules -exclude \*.tbd -resolve-src-symlinks /Applications/Xcode.app/Contents/Developer/Platforms/MacOSX.platform/Developer/Library/Frameworks/Testing.framework /Users/elyangutierrez/Library/Developer/Xcode/DerivedData/Keypath-abiryohyoafdvgdwjuxzjnfkjoxd/Build/Products/Debug/Keypath.app/Contents/Frameworks

LinkAssetCatalog /Users/elyangutierrez/Documents/Developer/IOSDev/Keypath/Keypath/Keypath/Resources/Icons/AppIcon.icon /Users/elyangutierrez/Documents/Developer/IOSDev/Keypath/Keypath/Keypath/Resources/Assets.xcassets (in target 'Keypath' from project 'Keypath')
    cd /Users/elyangutierrez/Documents/Developer/IOSDev/Keypath/Keypath
    builtin-linkAssetCatalog --thinned /Users/elyangutierrez/Library/Developer/Xcode/DerivedData/Keypath-abiryohyoafdvgdwjuxzjnfkjoxd/Build/Intermediates.noindex/Keypath.build/Debug/Keypath.build/assetcatalog_output/thinned --thinned-dependencies /Users/elyangutierrez/Library/Developer/Xcode/DerivedData/Keypath-abiryohyoafdvgdwjuxzjnfkjoxd/Build/Intermediates.noindex/Keypath.build/Debug/Keypath.build/assetcatalog_dependencies_thinned --thinned-info-plist-content /Users/elyangutierrez/Library/Developer/Xcode/DerivedData/Keypath-abiryohyoafdvgdwjuxzjnfkjoxd/Build/Intermediates.noindex/Keypath.build/Debug/Keypath.build/assetcatalog_generated_info.plist_thinned --unthinned /Users/elyangutierrez/Library/Developer/Xcode/DerivedData/Keypath-abiryohyoafdvgdwjuxzjnfkjoxd/Build/Intermediates.noindex/Keypath.build/Debug/Keypath.build/assetcatalog_output/unthinned --unthinned-dependencies /Users/elyangutierrez/Library/Developer/Xcode/DerivedData/Keypath-abiryohyoafdvgdwjuxzjnfkjoxd/Build/Intermediates.noindex/Keypath.build/Debug/Keypath.build/assetcatalog_dependencies_unthinned --unthinned-info-plist-content /Users/elyangutierrez/Library/Developer/Xcode/DerivedData/Keypath-abiryohyoafdvgdwjuxzjnfkjoxd/Build/Intermediates.noindex/Keypath.build/Debug/Keypath.build/assetcatalog_generated_info.plist_unthinned --output /Users/elyangutierrez/Library/Developer/Xcode/DerivedData/Keypath-abiryohyoafdvgdwjuxzjnfkjoxd/Build/Products/Debug/Keypath.app/Contents/Resources --plist-output /Users/elyangutierrez/Library/Developer/Xcode/DerivedData/Keypath-abiryohyoafdvgdwjuxzjnfkjoxd/Build/Intermediates.noindex/Keypath.build/Debug/Keypath.build/assetcatalog_generated_info.plist
note: Emplaced /Users/elyangutierrez/Library/Developer/Xcode/DerivedData/Keypath-abiryohyoafdvgdwjuxzjnfkjoxd/Build/Products/Debug/Keypath.app/Contents/Resources/Assets.car (in target 'Keypath' from project 'Keypath')
note: Emplaced /Users/elyangutierrez/Library/Developer/Xcode/DerivedData/Keypath-abiryohyoafdvgdwjuxzjnfkjoxd/Build/Products/Debug/Keypath.app/Contents/Resources/AppIcon.icns (in target 'Keypath' from project 'Keypath')

CodeSign /Users/elyangutierrez/Library/Developer/Xcode/DerivedData/Keypath-abiryohyoafdvgdwjuxzjnfkjoxd/Build/Products/Debug/Keypath.app/Contents/Frameworks/libXCTestBundleInject.dylib (in target 'Keypath' from project 'Keypath')
    cd /Users/elyangutierrez/Documents/Developer/IOSDev/Keypath/Keypath
    
    Signing Identity:     "Apple Development: Elyan Gutierrez (R5F9NZD6RF)"
    
    /usr/bin/codesign --force --sign 77C8B48DB30B2BA40CF94D63BA08921190C0FB0F --timestamp\=none --preserve-metadata\=identifier,entitlements,flags --generate-entitlement-der /Users/elyangutierrez/Library/Developer/Xcode/DerivedData/Keypath-abiryohyoafdvgdwjuxzjnfkjoxd/Build/Products/Debug/Keypath.app/Contents/Frameworks/libXCTestBundleInject.dylib
/Users/elyangutierrez/Library/Developer/Xcode/DerivedData/Keypath-abiryohyoafdvgdwjuxzjnfkjoxd/Build/Products/Debug/Keypath.app/Contents/Frameworks/libXCTestBundleInject.dylib: replacing existing signature

CodeSign /Users/elyangutierrez/Library/Developer/Xcode/DerivedData/Keypath-abiryohyoafdvgdwjuxzjnfkjoxd/Build/Products/Debug/Keypath.app/Contents/Frameworks/libXCTestSwiftSupport.dylib (in target 'Keypath' from project 'Keypath')
    cd /Users/elyangutierrez/Documents/Developer/IOSDev/Keypath/Keypath
    
    Signing Identity:     "Apple Development: Elyan Gutierrez (R5F9NZD6RF)"
    
    /usr/bin/codesign --force --sign 77C8B48DB30B2BA40CF94D63BA08921190C0FB0F --timestamp\=none --preserve-metadata\=identifier,entitlements,flags --generate-entitlement-der /Users/elyangutierrez/Library/Developer/Xcode/DerivedData/Keypath-abiryohyoafdvgdwjuxzjnfkjoxd/Build/Products/Debug/Keypath.app/Contents/Frameworks/libXCTestSwiftSupport.dylib
/Users/elyangutierrez/Library/Developer/Xcode/DerivedData/Keypath-abiryohyoafdvgdwjuxzjnfkjoxd/Build/Products/Debug/Keypath.app/Contents/Frameworks/libXCTestSwiftSupport.dylib: replacing existing signature

ProcessInfoPlistFile /Users/elyangutierrez/Library/Developer/Xcode/DerivedData/Keypath-abiryohyoafdvgdwjuxzjnfkjoxd/Build/Products/Debug/Keypath.app/Contents/Info.plist /Users/elyangutierrez/Library/Developer/Xcode/DerivedData/Keypath-abiryohyoafdvgdwjuxzjnfkjoxd/Build/Intermediates.noindex/Keypath.build/Debug/Keypath.build/empty-Keypath.plist (in target 'Keypath' from project 'Keypath')
    cd /Users/elyangutierrez/Documents/Developer/IOSDev/Keypath/Keypath
    builtin-infoPlistUtility /Users/elyangutierrez/Library/Developer/Xcode/DerivedData/Keypath-abiryohyoafdvgdwjuxzjnfkjoxd/Build/Intermediates.noindex/Keypath.build/Debug/Keypath.build/empty-Keypath.plist -producttype com.apple.product-type.application -genpkginfo /Users/elyangutierrez/Library/Developer/Xcode/DerivedData/Keypath-abiryohyoafdvgdwjuxzjnfkjoxd/Build/Products/Debug/Keypath.app/Contents/PkgInfo -expandbuildsettings -platform macosx -additionalcontentfile /Users/elyangutierrez/Library/Developer/Xcode/DerivedData/Keypath-abiryohyoafdvgdwjuxzjnfkjoxd/Build/Intermediates.noindex/Keypath.build/Debug/Keypath.build/assetcatalog_generated_info.plist -o /Users/elyangutierrez/Library/Developer/Xcode/DerivedData/Keypath-abiryohyoafdvgdwjuxzjnfkjoxd/Build/Products/Debug/Keypath.app/Contents/Info.plist

CodeSign /Users/elyangutierrez/Library/Developer/Xcode/DerivedData/Keypath-abiryohyoafdvgdwjuxzjnfkjoxd/Build/Products/Debug/Keypath.app/Contents/Frameworks/XCTest.framework (in target 'Keypath' from project 'Keypath')
    cd /Users/elyangutierrez/Documents/Developer/IOSDev/Keypath/Keypath
    
    Signing Identity:     "Apple Development: Elyan Gutierrez (R5F9NZD6RF)"
    
    /usr/bin/codesign --force --sign 77C8B48DB30B2BA40CF94D63BA08921190C0FB0F --timestamp\=none --preserve-metadata\=identifier,entitlements,flags --generate-entitlement-der /Users/elyangutierrez/Library/Developer/Xcode/DerivedData/Keypath-abiryohyoafdvgdwjuxzjnfkjoxd/Build/Products/Debug/Keypath.app/Contents/Frameworks/XCTest.framework
/Users/elyangutierrez/Library/Developer/Xcode/DerivedData/Keypath-abiryohyoafdvgdwjuxzjnfkjoxd/Build/Products/Debug/Keypath.app/Contents/Frameworks/XCTest.framework: replacing existing signature

CodeSign /Users/elyangutierrez/Library/Developer/Xcode/DerivedData/Keypath-abiryohyoafdvgdwjuxzjnfkjoxd/Build/Products/Debug/Keypath.app/Contents/Frameworks/XCUnit.framework (in target 'Keypath' from project 'Keypath')
    cd /Users/elyangutierrez/Documents/Developer/IOSDev/Keypath/Keypath
    
    Signing Identity:     "Apple Development: Elyan Gutierrez (R5F9NZD6RF)"
    
    /usr/bin/codesign --force --sign 77C8B48DB30B2BA40CF94D63BA08921190C0FB0F --timestamp\=none --preserve-metadata\=identifier,entitlements,flags --generate-entitlement-der /Users/elyangutierrez/Library/Developer/Xcode/DerivedData/Keypath-abiryohyoafdvgdwjuxzjnfkjoxd/Build/Products/Debug/Keypath.app/Contents/Frameworks/XCUnit.framework
/Users/elyangutierrez/Library/Developer/Xcode/DerivedData/Keypath-abiryohyoafdvgdwjuxzjnfkjoxd/Build/Products/Debug/Keypath.app/Contents/Frameworks/XCUnit.framework: replacing existing signature

CodeSign /Users/elyangutierrez/Library/Developer/Xcode/DerivedData/Keypath-abiryohyoafdvgdwjuxzjnfkjoxd/Build/Products/Debug/Keypath.app/Contents/Frameworks/XCTestSupport.framework (in target 'Keypath' from project 'Keypath')
    cd /Users/elyangutierrez/Documents/Developer/IOSDev/Keypath/Keypath
    
    Signing Identity:     "Apple Development: Elyan Gutierrez (R5F9NZD6RF)"
    
    /usr/bin/codesign --force --sign 77C8B48DB30B2BA40CF94D63BA08921190C0FB0F --timestamp\=none --preserve-metadata\=identifier,entitlements,flags --generate-entitlement-der /Users/elyangutierrez/Library/Developer/Xcode/DerivedData/Keypath-abiryohyoafdvgdwjuxzjnfkjoxd/Build/Products/Debug/Keypath.app/Contents/Frameworks/XCTestSupport.framework
/Users/elyangutierrez/Library/Developer/Xcode/DerivedData/Keypath-abiryohyoafdvgdwjuxzjnfkjoxd/Build/Products/Debug/Keypath.app/Contents/Frameworks/XCTestSupport.framework: replacing existing signature

CodeSign /Users/elyangutierrez/Library/Developer/Xcode/DerivedData/Keypath-abiryohyoafdvgdwjuxzjnfkjoxd/Build/Products/Debug/Keypath.app/Contents/Frameworks/XCTAutomationSupport.framework (in target 'Keypath' from project 'Keypath')
    cd /Users/elyangutierrez/Documents/Developer/IOSDev/Keypath/Keypath
    
    Signing Identity:     "Apple Development: Elyan Gutierrez (R5F9NZD6RF)"
    
    /usr/bin/codesign --force --sign 77C8B48DB30B2BA40CF94D63BA08921190C0FB0F --timestamp\=none --preserve-metadata\=identifier,entitlements,flags --generate-entitlement-der /Users/elyangutierrez/Library/Developer/Xcode/DerivedData/Keypath-abiryohyoafdvgdwjuxzjnfkjoxd/Build/Products/Debug/Keypath.app/Contents/Frameworks/XCTAutomationSupport.framework
/Users/elyangutierrez/Library/Developer/Xcode/DerivedData/Keypath-abiryohyoafdvgdwjuxzjnfkjoxd/Build/Products/Debug/Keypath.app/Contents/Frameworks/XCTAutomationSupport.framework: replacing existing signature

CodeSign /Users/elyangutierrez/Library/Developer/Xcode/DerivedData/Keypath-abiryohyoafdvgdwjuxzjnfkjoxd/Build/Products/Debug/Keypath.app/Contents/Frameworks/XCUIAutomation.framework (in target 'Keypath' from project 'Keypath')
    cd /Users/elyangutierrez/Documents/Developer/IOSDev/Keypath/Keypath
    
    Signing Identity:     "Apple Development: Elyan Gutierrez (R5F9NZD6RF)"
    
    /usr/bin/codesign --force --sign 77C8B48DB30B2BA40CF94D63BA08921190C0FB0F --timestamp\=none --preserve-metadata\=identifier,entitlements,flags --generate-entitlement-der /Users/elyangutierrez/Library/Developer/Xcode/DerivedData/Keypath-abiryohyoafdvgdwjuxzjnfkjoxd/Build/Products/Debug/Keypath.app/Contents/Frameworks/XCUIAutomation.framework
/Users/elyangutierrez/Library/Developer/Xcode/DerivedData/Keypath-abiryohyoafdvgdwjuxzjnfkjoxd/Build/Products/Debug/Keypath.app/Contents/Frameworks/XCUIAutomation.framework: replacing existing signature

CodeSign /Users/elyangutierrez/Library/Developer/Xcode/DerivedData/Keypath-abiryohyoafdvgdwjuxzjnfkjoxd/Build/Products/Debug/Keypath.app/Contents/Frameworks/XCTestCore.framework (in target 'Keypath' from project 'Keypath')
    cd /Users/elyangutierrez/Documents/Developer/IOSDev/Keypath/Keypath
    
    Signing Identity:     "Apple Development: Elyan Gutierrez (R5F9NZD6RF)"
    
    /usr/bin/codesign --force --sign 77C8B48DB30B2BA40CF94D63BA08921190C0FB0F --timestamp\=none --preserve-metadata\=identifier,entitlements,flags --generate-entitlement-der /Users/elyangutierrez/Library/Developer/Xcode/DerivedData/Keypath-abiryohyoafdvgdwjuxzjnfkjoxd/Build/Products/Debug/Keypath.app/Contents/Frameworks/XCTestCore.framework
/Users/elyangutierrez/Library/Developer/Xcode/DerivedData/Keypath-abiryohyoafdvgdwjuxzjnfkjoxd/Build/Products/Debug/Keypath.app/Contents/Frameworks/XCTestCore.framework: replacing existing signature

CodeSign /Users/elyangutierrez/Library/Developer/Xcode/DerivedData/Keypath-abiryohyoafdvgdwjuxzjnfkjoxd/Build/Products/Debug/Keypath.app/Contents/Frameworks/Testing.framework (in target 'Keypath' from project 'Keypath')
    cd /Users/elyangutierrez/Documents/Developer/IOSDev/Keypath/Keypath
    
    Signing Identity:     "Apple Development: Elyan Gutierrez (R5F9NZD6RF)"
    
    /usr/bin/codesign --force --sign 77C8B48DB30B2BA40CF94D63BA08921190C0FB0F --timestamp\=none --preserve-metadata\=identifier,entitlements,flags --generate-entitlement-der /Users/elyangutierrez/Library/Developer/Xcode/DerivedData/Keypath-abiryohyoafdvgdwjuxzjnfkjoxd/Build/Products/Debug/Keypath.app/Contents/Frameworks/Testing.framework
/Users/elyangutierrez/Library/Developer/Xcode/DerivedData/Keypath-abiryohyoafdvgdwjuxzjnfkjoxd/Build/Products/Debug/Keypath.app/Contents/Frameworks/Testing.framework: replacing existing signature

ConstructStubExecutorLinkFileList /Users/elyangutierrez/Library/Developer/Xcode/DerivedData/Keypath-abiryohyoafdvgdwjuxzjnfkjoxd/Build/Intermediates.noindex/Keypath.build/Debug/Keypath.build/Keypath-ExecutorLinkFileList-normal-arm64.txt (in target 'Keypath' from project 'Keypath')
    cd /Users/elyangutierrez/Documents/Developer/IOSDev/Keypath/Keypath
    construct-stub-executor-link-file-list /Users/elyangutierrez/Library/Developer/Xcode/DerivedData/Keypath-abiryohyoafdvgdwjuxzjnfkjoxd/Build/Products/Debug/Keypath.app/Contents/MacOS/Keypath.debug.dylib /Applications/Xcode.app/Contents/Developer/Platforms/MacOSX.platform/Developer/usr/lib/libPreviewsJITStubExecutor_no_swift_entry_point.a /Applications/Xcode.app/Contents/Developer/Platforms/MacOSX.platform/Developer/usr/lib/libPreviewsJITStubExecutor.a --output /Users/elyangutierrez/Library/Developer/Xcode/DerivedData/Keypath-abiryohyoafdvgdwjuxzjnfkjoxd/Build/Intermediates.noindex/Keypath.build/Debug/Keypath.build/Keypath-ExecutorLinkFileList-normal-arm64.txt
note: Using stub executor library with Swift entry point. (in target 'Keypath' from project 'Keypath')

Ld /Users/elyangutierrez/Library/Developer/Xcode/DerivedData/Keypath-abiryohyoafdvgdwjuxzjnfkjoxd/Build/Products/Debug/Keypath.app/Contents/MacOS/Keypath normal (in target 'Keypath' from project 'Keypath')
    cd /Users/elyangutierrez/Documents/Developer/IOSDev/Keypath/Keypath
    /Applications/Xcode.app/Contents/Developer/Toolchains/XcodeDefault.xctoolchain/usr/bin/clang -Xlinker -reproducible -target arm64-apple-macos26.2 -isysroot /Applications/Xcode.app/Contents/Developer/Platforms/MacOSX.platform/Developer/SDKs/MacOSX26.4.sdk -O0 -L/Users/elyangutierrez/Library/Developer/Xcode/DerivedData/Keypath-abiryohyoafdvgdwjuxzjnfkjoxd/Build/Products/Debug -F/Users/elyangutierrez/Library/Developer/Xcode/DerivedData/Keypath-abiryohyoafdvgdwjuxzjnfkjoxd/Build/Products/Debug -Xlinker -rpath -Xlinker @executable_path -Xlinker -rpath -Xlinker @executable_path/../Frameworks -rdynamic -Xlinker -no_deduplicate -Xlinker -debug_variant -e ___debug_blank_executor_main -Xlinker -sectcreate -Xlinker __TEXT -Xlinker __debug_dylib -Xlinker /Users/elyangutierrez/Library/Developer/Xcode/DerivedData/Keypath-abiryohyoafdvgdwjuxzjnfkjoxd/Build/Intermediates.noindex/Keypath.build/Debug/Keypath.build/Keypath-DebugDylibPath-normal-arm64.txt -Xlinker -sectcreate -Xlinker __TEXT -Xlinker __debug_instlnm -Xlinker /Users/elyangutierrez/Library/Developer/Xcode/DerivedData/Keypath-abiryohyoafdvgdwjuxzjnfkjoxd/Build/Intermediates.noindex/Keypath.build/Debug/Keypath.build/Keypath-DebugDylibInstallName-normal-arm64.txt -Xlinker -filelist -Xlinker /Users/elyangutierrez/Library/Developer/Xcode/DerivedData/Keypath-abiryohyoafdvgdwjuxzjnfkjoxd/Build/Intermediates.noindex/Keypath.build/Debug/Keypath.build/Keypath-ExecutorLinkFileList-normal-arm64.txt /Users/elyangutierrez/Library/Developer/Xcode/DerivedData/Keypath-abiryohyoafdvgdwjuxzjnfkjoxd/Build/Products/Debug/Keypath.app/Contents/MacOS/Keypath.debug.dylib -Xlinker -no_adhoc_codesign -o /Users/elyangutierrez/Library/Developer/Xcode/DerivedData/Keypath-abiryohyoafdvgdwjuxzjnfkjoxd/Build/Products/Debug/Keypath.app/Contents/MacOS/Keypath

CopySwiftLibs /Users/elyangutierrez/Library/Developer/Xcode/DerivedData/Keypath-abiryohyoafdvgdwjuxzjnfkjoxd/Build/Products/Debug/Keypath.app (in target 'Keypath' from project 'Keypath')
    cd /Users/elyangutierrez/Documents/Developer/IOSDev/Keypath/Keypath
    builtin-swiftStdLibTool --copy --verbose --sign 77C8B48DB30B2BA40CF94D63BA08921190C0FB0F --scan-executable /Users/elyangutierrez/Library/Developer/Xcode/DerivedData/Keypath-abiryohyoafdvgdwjuxzjnfkjoxd/Build/Products/Debug/Keypath.app/Contents/MacOS/Keypath.debug.dylib --scan-folder /Users/elyangutierrez/Library/Developer/Xcode/DerivedData/Keypath-abiryohyoafdvgdwjuxzjnfkjoxd/Build/Products/Debug/Keypath.app/Contents/Frameworks --scan-folder /Users/elyangutierrez/Library/Developer/Xcode/DerivedData/Keypath-abiryohyoafdvgdwjuxzjnfkjoxd/Build/Products/Debug/Keypath.app/Contents/PlugIns --scan-folder /Users/elyangutierrez/Library/Developer/Xcode/DerivedData/Keypath-abiryohyoafdvgdwjuxzjnfkjoxd/Build/Products/Debug/Keypath.app/Contents/Library/SystemExtensions --scan-folder /Users/elyangutierrez/Library/Developer/Xcode/DerivedData/Keypath-abiryohyoafdvgdwjuxzjnfkjoxd/Build/Products/Debug/Keypath.app/Contents/Extensions --platform macosx --toolchain /var/run/com.apple.security.cryptexd/mnt/com.apple.MobileAsset.MetalToolchain-v17.5.188.0.7D3YmF/Metal.xctoolchain --toolchain /Applications/Xcode.app/Contents/Developer/Toolchains/XcodeDefault.xctoolchain --destination /Users/elyangutierrez/Library/Developer/Xcode/DerivedData/Keypath-abiryohyoafdvgdwjuxzjnfkjoxd/Build/Products/Debug/Keypath.app/Contents/Frameworks --strip-bitcode --strip-bitcode-tool /Applications/Xcode.app/Contents/Developer/Toolchains/XcodeDefault.xctoolchain/usr/bin/bitcode_strip --emit-dependency-info /Users/elyangutierrez/Library/Developer/Xcode/DerivedData/Keypath-abiryohyoafdvgdwjuxzjnfkjoxd/Build/Intermediates.noindex/Keypath.build/Debug/Keypath.build/SwiftStdLibToolInputDependencies.dep --filter-for-swift-os

ExtractAppIntentsMetadata (in target 'Keypath' from project 'Keypath')
    cd /Users/elyangutierrez/Documents/Developer/IOSDev/Keypath/Keypath
    /Applications/Xcode.app/Contents/Developer/Toolchains/XcodeDefault.xctoolchain/usr/bin/appintentsmetadataprocessor --toolchain-dir /var/run/com.apple.security.cryptexd/mnt/com.apple.MobileAsset.MetalToolchain-v17.5.188.0.7D3YmF/Metal.xctoolchain --module-name Keypath --sdk-root /Applications/Xcode.app/Contents/Developer/Platforms/MacOSX.platform/Developer/SDKs/MacOSX26.4.sdk --xcode-version 17E202 --platform-family macOS --deployment-target 26.2 --bundle-identifier me.Gutierrez.Elyan.Keypath --output /Users/elyangutierrez/Library/Developer/Xcode/DerivedData/Keypath-abiryohyoafdvgdwjuxzjnfkjoxd/Build/Products/Debug/Keypath.app/Contents/Resources --target-triple arm64-apple-macos26.2 --binary-file /Users/elyangutierrez/Library/Developer/Xcode/DerivedData/Keypath-abiryohyoafdvgdwjuxzjnfkjoxd/Build/Products/Debug/Keypath.app/Contents/MacOS/Keypath --dependency-file /Users/elyangutierrez/Library/Developer/Xcode/DerivedData/Keypath-abiryohyoafdvgdwjuxzjnfkjoxd/Build/Intermediates.noindex/Keypath.build/Debug/Keypath.build/Objects-normal/arm64/Keypath_dependency_info.dat --stringsdata-file /Users/elyangutierrez/Library/Developer/Xcode/DerivedData/Keypath-abiryohyoafdvgdwjuxzjnfkjoxd/Build/Intermediates.noindex/Keypath.build/Debug/Keypath.build/Objects-normal/arm64/ExtractedAppShortcutsMetadata.stringsdata --source-file-list /Users/elyangutierrez/Library/Developer/Xcode/DerivedData/Keypath-abiryohyoafdvgdwjuxzjnfkjoxd/Build/Intermediates.noindex/Keypath.build/Debug/Keypath.build/Objects-normal/arm64/Keypath.SwiftFileList --metadata-file-list /Users/elyangutierrez/Library/Developer/Xcode/DerivedData/Keypath-abiryohyoafdvgdwjuxzjnfkjoxd/Build/Intermediates.noindex/Keypath.build/Debug/Keypath.build/Keypath.DependencyMetadataFileList --static-metadata-file-list /Users/elyangutierrez/Library/Developer/Xcode/DerivedData/Keypath-abiryohyoafdvgdwjuxzjnfkjoxd/Build/Intermediates.noindex/Keypath.build/Debug/Keypath.build/Keypath.DependencyStaticMetadataFileList --swift-const-vals-list /Users/elyangutierrez/Library/Developer/Xcode/DerivedData/Keypath-abiryohyoafdvgdwjuxzjnfkjoxd/Build/Intermediates.noindex/Keypath.build/Debug/Keypath.build/Objects-normal/arm64/Keypath.SwiftConstValuesFileList --compile-time-extraction --deployment-aware-processing --validate-assistant-intents --no-app-shortcuts-localization
2026-04-28 18:04:10.614 appintentsmetadataprocessor[46532:10120010] Starting appintentsmetadataprocessor export
2026-04-28 18:04:10.615 appintentsmetadataprocessor[46532:10120010] warning: Metadata extraction skipped. No AppIntents.framework dependency found.

Ld /Users/elyangutierrez/Library/Developer/Xcode/DerivedData/Keypath-abiryohyoafdvgdwjuxzjnfkjoxd/Build/Products/Debug/Keypath.app/Contents/PlugIns/KeypathTests.xctest/Contents/MacOS/KeypathTests normal (in target 'KeypathTests' from project 'Keypath')
    cd /Users/elyangutierrez/Documents/Developer/IOSDev/Keypath/Keypath
    /Applications/Xcode.app/Contents/Developer/Toolchains/XcodeDefault.xctoolchain/usr/bin/clang -Xlinker -reproducible -target arm64-apple-macos26.2 -bundle -isysroot /Applications/Xcode.app/Contents/Developer/Platforms/MacOSX.platform/Developer/SDKs/MacOSX26.4.sdk -O0 -L/Users/elyangutierrez/Library/Developer/Xcode/DerivedData/Keypath-abiryohyoafdvgdwjuxzjnfkjoxd/Build/Intermediates.noindex/EagerLinkingTBDs/Debug -L/Users/elyangutierrez/Library/Developer/Xcode/DerivedData/Keypath-abiryohyoafdvgdwjuxzjnfkjoxd/Build/Products/Debug -L/Applications/Xcode.app/Contents/Developer/Platforms/MacOSX.platform/Developer/usr/lib -F/Users/elyangutierrez/Library/Developer/Xcode/DerivedData/Keypath-abiryohyoafdvgdwjuxzjnfkjoxd/Build/Intermediates.noindex/EagerLinkingTBDs/Debug -F/Users/elyangutierrez/Library/Developer/Xcode/DerivedData/Keypath-abiryohyoafdvgdwjuxzjnfkjoxd/Build/Products/Debug -iframework /Applications/Xcode.app/Contents/Developer/Platforms/MacOSX.platform/Developer/Library/Frameworks -filelist /Users/elyangutierrez/Library/Developer/Xcode/DerivedData/Keypath-abiryohyoafdvgdwjuxzjnfkjoxd/Build/Intermediates.noindex/Keypath.build/Debug/KeypathTests.build/Objects-normal/arm64/KeypathTests.LinkFileList -Xlinker -rpath -Xlinker @loader_path/../Frameworks -Xlinker -rpath -Xlinker @executable_path/../Frameworks -Xlinker -dead_strip -bundle_loader /Users/elyangutierrez/Library/Developer/Xcode/DerivedData/Keypath-abiryohyoafdvgdwjuxzjnfkjoxd/Build/Products/Debug/Keypath.app/Contents/MacOS/Keypath -Xlinker -object_path_lto -Xlinker /Users/elyangutierrez/Library/Developer/Xcode/DerivedData/Keypath-abiryohyoafdvgdwjuxzjnfkjoxd/Build/Intermediates.noindex/Keypath.build/Debug/KeypathTests.build/Objects-normal/arm64/KeypathTests_lto.o -rdynamic -Xlinker -no_deduplicate -Xlinker -debug_variant -Xlinker -dependency_info -Xlinker /Users/elyangutierrez/Library/Developer/Xcode/DerivedData/Keypath-abiryohyoafdvgdwjuxzjnfkjoxd/Build/Intermediates.noindex/Keypath.build/Debug/KeypathTests.build/Objects-normal/arm64/KeypathTests_dependency_info.dat -fobjc-link-runtime -fprofile-instr-generate -L/Applications/Xcode.app/Contents/Developer/Toolchains/XcodeDefault.xctoolchain/usr/lib/swift/macosx -L/usr/lib/swift -Xlinker -add_ast_path -Xlinker /Users/elyangutierrez/Library/Developer/Xcode/DerivedData/Keypath-abiryohyoafdvgdwjuxzjnfkjoxd/Build/Intermediates.noindex/Keypath.build/Debug/KeypathTests.build/Objects-normal/arm64/KeypathTests.swiftmodule @/Users/elyangutierrez/Library/Developer/Xcode/DerivedData/Keypath-abiryohyoafdvgdwjuxzjnfkjoxd/Build/Intermediates.noindex/Keypath.build/Debug/KeypathTests.build/Objects-normal/arm64/KeypathTests-linker-args.resp -Xlinker -needed_framework -Xlinker XCTest -framework XCTest -Xlinker -needed-lXCTestSwiftSupport -lXCTestSwiftSupport /Users/elyangutierrez/Library/Developer/Xcode/DerivedData/Keypath-abiryohyoafdvgdwjuxzjnfkjoxd/Build/Products/Debug/Keypath.app/Contents/MacOS/Keypath.debug.dylib -Xlinker -no_adhoc_codesign -o /Users/elyangutierrez/Library/Developer/Xcode/DerivedData/Keypath-abiryohyoafdvgdwjuxzjnfkjoxd/Build/Products/Debug/Keypath.app/Contents/PlugIns/KeypathTests.xctest/Contents/MacOS/KeypathTests

CopySwiftLibs /Users/elyangutierrez/Library/Developer/Xcode/DerivedData/Keypath-abiryohyoafdvgdwjuxzjnfkjoxd/Build/Products/Debug/Keypath.app/Contents/PlugIns/KeypathTests.xctest (in target 'KeypathTests' from project 'Keypath')
    cd /Users/elyangutierrez/Documents/Developer/IOSDev/Keypath/Keypath
    builtin-swiftStdLibTool --copy --verbose --sign - --scan-executable /Users/elyangutierrez/Library/Developer/Xcode/DerivedData/Keypath-abiryohyoafdvgdwjuxzjnfkjoxd/Build/Products/Debug/Keypath.app/Contents/PlugIns/KeypathTests.xctest/Contents/MacOS/KeypathTests --scan-folder /Users/elyangutierrez/Library/Developer/Xcode/DerivedData/Keypath-abiryohyoafdvgdwjuxzjnfkjoxd/Build/Products/Debug/Keypath.app/Contents/PlugIns/KeypathTests.xctest/Contents/Frameworks --scan-folder /Users/elyangutierrez/Library/Developer/Xcode/DerivedData/Keypath-abiryohyoafdvgdwjuxzjnfkjoxd/Build/Products/Debug/Keypath.app/Contents/PlugIns/KeypathTests.xctest/Contents/PlugIns --scan-folder /Users/elyangutierrez/Library/Developer/Xcode/DerivedData/Keypath-abiryohyoafdvgdwjuxzjnfkjoxd/Build/Products/Debug/Keypath.app/Contents/PlugIns/KeypathTests.xctest/Contents/Library/SystemExtensions --scan-folder /Users/elyangutierrez/Library/Developer/Xcode/DerivedData/Keypath-abiryohyoafdvgdwjuxzjnfkjoxd/Build/Products/Debug/Keypath.app/Contents/PlugIns/KeypathTests.xctest/Contents/Extensions --platform macosx --toolchain /var/run/com.apple.security.cryptexd/mnt/com.apple.MobileAsset.MetalToolchain-v17.5.188.0.7D3YmF/Metal.xctoolchain --toolchain /Applications/Xcode.app/Contents/Developer/Toolchains/XcodeDefault.xctoolchain --destination /Users/elyangutierrez/Library/Developer/Xcode/DerivedData/Keypath-abiryohyoafdvgdwjuxzjnfkjoxd/Build/Products/Debug/Keypath.app/Contents/PlugIns/KeypathTests.xctest/Contents/Frameworks --strip-bitcode --scan-executable /Applications/Xcode.app/Contents/Developer/Platforms/MacOSX.platform/Developer/usr/lib/libXCTestSwiftSupport.dylib --strip-bitcode-tool /Applications/Xcode.app/Contents/Developer/Toolchains/XcodeDefault.xctoolchain/usr/bin/bitcode_strip --emit-dependency-info /Users/elyangutierrez/Library/Developer/Xcode/DerivedData/Keypath-abiryohyoafdvgdwjuxzjnfkjoxd/Build/Intermediates.noindex/Keypath.build/Debug/KeypathTests.build/SwiftStdLibToolInputDependencies.dep --filter-for-swift-os

ExtractAppIntentsMetadata (in target 'KeypathTests' from project 'Keypath')
    cd /Users/elyangutierrez/Documents/Developer/IOSDev/Keypath/Keypath
    /Applications/Xcode.app/Contents/Developer/Toolchains/XcodeDefault.xctoolchain/usr/bin/appintentsmetadataprocessor --toolchain-dir /var/run/com.apple.security.cryptexd/mnt/com.apple.MobileAsset.MetalToolchain-v17.5.188.0.7D3YmF/Metal.xctoolchain --module-name KeypathTests --sdk-root /Applications/Xcode.app/Contents/Developer/Platforms/MacOSX.platform/Developer/SDKs/MacOSX26.4.sdk --xcode-version 17E202 --platform-family macOS --deployment-target 26.2 --bundle-identifier me.Gutierrez.Elyan.KeypathTests --output /Users/elyangutierrez/Library/Developer/Xcode/DerivedData/Keypath-abiryohyoafdvgdwjuxzjnfkjoxd/Build/Products/Debug/Keypath.app/Contents/PlugIns/KeypathTests.xctest/Contents/Resources --target-triple arm64-apple-macos26.2 --binary-file /Users/elyangutierrez/Library/Developer/Xcode/DerivedData/Keypath-abiryohyoafdvgdwjuxzjnfkjoxd/Build/Products/Debug/Keypath.app/Contents/PlugIns/KeypathTests.xctest/Contents/MacOS/KeypathTests --dependency-file /Users/elyangutierrez/Library/Developer/Xcode/DerivedData/Keypath-abiryohyoafdvgdwjuxzjnfkjoxd/Build/Intermediates.noindex/Keypath.build/Debug/KeypathTests.build/Objects-normal/arm64/KeypathTests_dependency_info.dat --stringsdata-file /Users/elyangutierrez/Library/Developer/Xcode/DerivedData/Keypath-abiryohyoafdvgdwjuxzjnfkjoxd/Build/Intermediates.noindex/Keypath.build/Debug/KeypathTests.build/Objects-normal/arm64/ExtractedAppShortcutsMetadata.stringsdata --source-file-list /Users/elyangutierrez/Library/Developer/Xcode/DerivedData/Keypath-abiryohyoafdvgdwjuxzjnfkjoxd/Build/Intermediates.noindex/Keypath.build/Debug/KeypathTests.build/Objects-normal/arm64/KeypathTests.SwiftFileList --metadata-file-list /Users/elyangutierrez/Library/Developer/Xcode/DerivedData/Keypath-abiryohyoafdvgdwjuxzjnfkjoxd/Build/Intermediates.noindex/Keypath.build/Debug/KeypathTests.build/KeypathTests.DependencyMetadataFileList --static-metadata-file-list /Users/elyangutierrez/Library/Developer/Xcode/DerivedData/Keypath-abiryohyoafdvgdwjuxzjnfkjoxd/Build/Intermediates.noindex/Keypath.build/Debug/KeypathTests.build/KeypathTests.DependencyStaticMetadataFileList --swift-const-vals-list /Users/elyangutierrez/Library/Developer/Xcode/DerivedData/Keypath-abiryohyoafdvgdwjuxzjnfkjoxd/Build/Intermediates.noindex/Keypath.build/Debug/KeypathTests.build/Objects-normal/arm64/KeypathTests.SwiftConstValuesFileList --compile-time-extraction --deployment-aware-processing --validate-assistant-intents --no-app-shortcuts-localization
2026-04-28 18:04:10.891 appintentsmetadataprocessor[46535:10120025] Starting appintentsmetadataprocessor export
2026-04-28 18:04:10.893 appintentsmetadataprocessor[46535:10120025] warning: Metadata extraction skipped. No AppIntents.framework dependency found.

ProcessInfoPlistFile /Users/elyangutierrez/Library/Developer/Xcode/DerivedData/Keypath-abiryohyoafdvgdwjuxzjnfkjoxd/Build/Products/Debug/Keypath.app/Contents/PlugIns/KeypathTests.xctest/Contents/Info.plist /Users/elyangutierrez/Library/Developer/Xcode/DerivedData/Keypath-abiryohyoafdvgdwjuxzjnfkjoxd/Build/Intermediates.noindex/Keypath.build/Debug/KeypathTests.build/empty-KeypathTests.plist (in target 'KeypathTests' from project 'Keypath')
    cd /Users/elyangutierrez/Documents/Developer/IOSDev/Keypath/Keypath
    builtin-infoPlistUtility /Users/elyangutierrez/Library/Developer/Xcode/DerivedData/Keypath-abiryohyoafdvgdwjuxzjnfkjoxd/Build/Intermediates.noindex/Keypath.build/Debug/KeypathTests.build/empty-KeypathTests.plist -producttype com.apple.product-type.bundle.unit-test -expandbuildsettings -platform macosx -o /Users/elyangutierrez/Library/Developer/Xcode/DerivedData/Keypath-abiryohyoafdvgdwjuxzjnfkjoxd/Build/Products/Debug/Keypath.app/Contents/PlugIns/KeypathTests.xctest/Contents/Info.plist

CodeSign /Users/elyangutierrez/Library/Developer/Xcode/DerivedData/Keypath-abiryohyoafdvgdwjuxzjnfkjoxd/Build/Products/Debug/Keypath.app/Contents/PlugIns/KeypathTests.xctest (in target 'KeypathTests' from project 'Keypath')
    cd /Users/elyangutierrez/Documents/Developer/IOSDev/Keypath/Keypath
    
    Signing Identity:     "Sign to Run Locally"
    
    /usr/bin/codesign --force --sign - --timestamp\=none --generate-entitlement-der /Users/elyangutierrez/Library/Developer/Xcode/DerivedData/Keypath-abiryohyoafdvgdwjuxzjnfkjoxd/Build/Products/Debug/Keypath.app/Contents/PlugIns/KeypathTests.xctest

RegisterExecutionPolicyException /Users/elyangutierrez/Library/Developer/Xcode/DerivedData/Keypath-abiryohyoafdvgdwjuxzjnfkjoxd/Build/Products/Debug/Keypath.app/Contents/PlugIns/KeypathTests.xctest (in target 'KeypathTests' from project 'Keypath')
    cd /Users/elyangutierrez/Documents/Developer/IOSDev/Keypath/Keypath
    builtin-RegisterExecutionPolicyException /Users/elyangutierrez/Library/Developer/Xcode/DerivedData/Keypath-abiryohyoafdvgdwjuxzjnfkjoxd/Build/Products/Debug/Keypath.app/Contents/PlugIns/KeypathTests.xctest

Touch /Users/elyangutierrez/Library/Developer/Xcode/DerivedData/Keypath-abiryohyoafdvgdwjuxzjnfkjoxd/Build/Products/Debug/Keypath.app/Contents/PlugIns/KeypathTests.xctest (in target 'KeypathTests' from project 'Keypath')
    cd /Users/elyangutierrez/Documents/Developer/IOSDev/Keypath/Keypath
    /usr/bin/touch -c /Users/elyangutierrez/Library/Developer/Xcode/DerivedData/Keypath-abiryohyoafdvgdwjuxzjnfkjoxd/Build/Products/Debug/Keypath.app/Contents/PlugIns/KeypathTests.xctest

CodeSign /Users/elyangutierrez/Library/Developer/Xcode/DerivedData/Keypath-abiryohyoafdvgdwjuxzjnfkjoxd/Build/Products/Debug/Keypath.app/Contents/MacOS/Keypath.debug.dylib (in target 'Keypath' from project 'Keypath')
    cd /Users/elyangutierrez/Documents/Developer/IOSDev/Keypath/Keypath
    
    Signing Identity:     "Apple Development: Elyan Gutierrez (R5F9NZD6RF)"
    
    /usr/bin/codesign --force --sign 77C8B48DB30B2BA40CF94D63BA08921190C0FB0F --timestamp\=none --generate-entitlement-der /Users/elyangutierrez/Library/Developer/Xcode/DerivedData/Keypath-abiryohyoafdvgdwjuxzjnfkjoxd/Build/Products/Debug/Keypath.app/Contents/MacOS/Keypath.debug.dylib

CodeSign /Users/elyangutierrez/Library/Developer/Xcode/DerivedData/Keypath-abiryohyoafdvgdwjuxzjnfkjoxd/Build/Products/Debug/Keypath.app/Contents/MacOS/__preview.dylib (in target 'Keypath' from project 'Keypath')
    cd /Users/elyangutierrez/Documents/Developer/IOSDev/Keypath/Keypath
    
    Signing Identity:     "Apple Development: Elyan Gutierrez (R5F9NZD6RF)"
    
    /usr/bin/codesign --force --sign 77C8B48DB30B2BA40CF94D63BA08921190C0FB0F --timestamp\=none --generate-entitlement-der /Users/elyangutierrez/Library/Developer/Xcode/DerivedData/Keypath-abiryohyoafdvgdwjuxzjnfkjoxd/Build/Products/Debug/Keypath.app/Contents/MacOS/__preview.dylib
/Users/elyangutierrez/Library/Developer/Xcode/DerivedData/Keypath-abiryohyoafdvgdwjuxzjnfkjoxd/Build/Products/Debug/Keypath.app/Contents/MacOS/__preview.dylib: replacing existing signature

CodeSign /Users/elyangutierrez/Library/Developer/Xcode/DerivedData/Keypath-abiryohyoafdvgdwjuxzjnfkjoxd/Build/Products/Debug/Keypath.app (in target 'Keypath' from project 'Keypath')
    cd /Users/elyangutierrez/Documents/Developer/IOSDev/Keypath/Keypath
    
    Signing Identity:     "Apple Development: Elyan Gutierrez (R5F9NZD6RF)"
    
    /usr/bin/codesign --force --sign 77C8B48DB30B2BA40CF94D63BA08921190C0FB0F --entitlements /Users/elyangutierrez/Library/Developer/Xcode/DerivedData/Keypath-abiryohyoafdvgdwjuxzjnfkjoxd/Build/Intermediates.noindex/Keypath.build/Debug/Keypath.build/Keypath.app.xcent --timestamp\=none --generate-entitlement-der /Users/elyangutierrez/Library/Developer/Xcode/DerivedData/Keypath-abiryohyoafdvgdwjuxzjnfkjoxd/Build/Products/Debug/Keypath.app

Validate /Users/elyangutierrez/Library/Developer/Xcode/DerivedData/Keypath-abiryohyoafdvgdwjuxzjnfkjoxd/Build/Products/Debug/Keypath.app (in target 'Keypath' from project 'Keypath')
    cd /Users/elyangutierrez/Documents/Developer/IOSDev/Keypath/Keypath
    builtin-validationUtility /Users/elyangutierrez/Library/Developer/Xcode/DerivedData/Keypath-abiryohyoafdvgdwjuxzjnfkjoxd/Build/Products/Debug/Keypath.app -no-validate-extension -infoplist-subpath Contents/Info.plist

RegisterWithLaunchServices /Users/elyangutierrez/Library/Developer/Xcode/DerivedData/Keypath-abiryohyoafdvgdwjuxzjnfkjoxd/Build/Products/Debug/Keypath.app (in target 'Keypath' from project 'Keypath')
    cd /Users/elyangutierrez/Documents/Developer/IOSDev/Keypath/Keypath
    /System/Library/Frameworks/CoreServices.framework/Versions/Current/Frameworks/LaunchServices.framework/Versions/Current/Support/lsregister -f -R -trusted /Users/elyangutierrez/Library/Developer/Xcode/DerivedData/Keypath-abiryohyoafdvgdwjuxzjnfkjoxd/Build/Products/Debug/Keypath.app

ProcessInfoPlistFile /Users/elyangutierrez/Library/Developer/Xcode/DerivedData/Keypath-abiryohyoafdvgdwjuxzjnfkjoxd/Build/Products/Debug/KeypathUITests-Runner.app/Contents/PlugIns/KeypathUITests.xctest/Contents/Info.plist /Users/elyangutierrez/Library/Developer/Xcode/DerivedData/Keypath-abiryohyoafdvgdwjuxzjnfkjoxd/Build/Intermediates.noindex/Keypath.build/Debug/KeypathUITests.build/empty-KeypathUITests.plist (in target 'KeypathUITests' from project 'Keypath')
    cd /Users/elyangutierrez/Documents/Developer/IOSDev/Keypath/Keypath
    builtin-infoPlistUtility /Users/elyangutierrez/Library/Developer/Xcode/DerivedData/Keypath-abiryohyoafdvgdwjuxzjnfkjoxd/Build/Intermediates.noindex/Keypath.build/Debug/KeypathUITests.build/empty-KeypathUITests.plist -producttype com.apple.product-type.bundle.ui-testing -expandbuildsettings -platform macosx -additionalcontentfile /Users/elyangutierrez/Library/Developer/Xcode/DerivedData/Keypath-abiryohyoafdvgdwjuxzjnfkjoxd/Build/Intermediates.noindex/Keypath.build/Debug/KeypathUITests.build/ProductTypeInfoPlistAdditions.plist -o /Users/elyangutierrez/Library/Developer/Xcode/DerivedData/Keypath-abiryohyoafdvgdwjuxzjnfkjoxd/Build/Products/Debug/KeypathUITests-Runner.app/Contents/PlugIns/KeypathUITests.xctest/Contents/Info.plist

2026-04-28 18:04:11.819203-0500 KeypathUITests-Runner[46546:10120120] [Default] Running tests...
2026-04-28 18:04:11.839295-0500 KeypathUITests-Runner[46546:10120120] [loading] Cannot find executable for CFBundle 0x96ece0a80 </Users/elyangutierrez/Library/Developer/Xcode/DerivedData/Keypath-abiryohyoafdvgdwjuxzjnfkjoxd/Build/Products/Debug/KeypathUITests-Runner.app/Contents/PlugIns/KeypathUITests.xctest> (not loaded)
2026-04-28 18:04:11.840292-0500 KeypathUITests-Runner[46546:10120120] [general] NSBundle file:///Users/elyangutierrez/Library/Developer/Xcode/DerivedData/Keypath-abiryohyoafdvgdwjuxzjnfkjoxd/Build/Products/Debug/KeypathUITests-Runner.app/Contents/PlugIns/KeypathUITests.xctest/ loading failed because of an error Error Domain=NSCocoaErrorDomain Code=4 "The bundle “KeypathUITests” couldn’t be loaded because its executable couldn’t be located." UserInfo={NSLocalizedFailureReason=The bundle’s executable couldn’t be located., NSLocalizedRecoverySuggestion=Try reinstalling the bundle., NSBundlePath=/Users/elyangutierrez/Library/Developer/Xcode/DerivedData/Keypath-abiryohyoafdvgdwjuxzjnfkjoxd/Build/Products/Debug/KeypathUITests-Runner.app/Contents/PlugIns/KeypathUITests.xctest, NSLocalizedDescription=The bundle “KeypathUITests” couldn’t be loaded because its executable couldn’t be located.}
2026-04-28 18:04:11.840311-0500 KeypathUITests-Runner[46546:10120120] [Default] The bundle “KeypathUITests” couldn’t be loaded because its executable couldn’t be located. Try reinstalling the bundle.


*** If you believe this error represents a bug, please attach the result bundle at /Users/elyangutierrez/Library/Developer/Xcode/DerivedData/Keypath-abiryohyoafdvgdwjuxzjnfkjoxd/Logs/Test/Test-Keypath-2026.04.28_18-04-09--0500.xcresult

2026-04-28 18:04:17.960 xcodebuild[46498:10119643] [MT] IDETestOperationsObserverDebug: 6.803 elapsed -- Testing started completed.
2026-04-28 18:04:17.961 xcodebuild[46498:10119643] [MT] IDETestOperationsObserverDebug: 0.000 sec, +0.000 sec -- start
2026-04-28 18:04:17.961 xcodebuild[46498:10119643] [MT] IDETestOperationsObserverDebug: 6.803 sec, +6.803 sec -- end

Test session results, code coverage, and logs:
	/Users/elyangutierrez/Library/Developer/Xcode/DerivedData/Keypath-abiryohyoafdvgdwjuxzjnfkjoxd/Logs/Test/Test-Keypath-2026.04.28_18-04-09--0500.xcresult

Testing failed:
	KeypathUITests-Runner (46546) encountered an error (Failed to load the test bundle. (Underlying Error: The bundle “KeypathUITests” couldn’t be loaded because its executable couldn’t be located. The bundle’s executable couldn’t be located. Try reinstalling the bundle.))

** TEST FAILED **

Testing started
Test suite 'KeypathTests' started on 'My Mac - Keypath (46547)'
Test suite 'KeymapsTests' started on 'My Mac - Keypath (46547)'
Test suite 'DataManagerTests' started on 'My Mac - Keypath (46547)'
Test suite 'KeypathCommandManagerTests' started on 'My Mac - Keypath (46547)'
Test case 'KeypathTests/example()' passed on 'My Mac - Keypath (46547)' (0.000 seconds)
Test case 'DataManagerTests/test_save_and_fetch()' passed on 'My Mac - Keypath (46547)' (0.004 seconds)
Test case 'DataManagerTests/test_initialization()' passed on 'My Mac - Keypath (46547)' (0.005 seconds)
Test case 'KeymapsTests/test_validKeybindMappings()' failed on 'My Mac - Keypath (46547)' (0.000 seconds)
Test case 'KeymapsTests/test_mappings()' failed on 'My Mac - Keypath (46547)' (0.000 seconds)
Test case 'KeymapsTests/test_reversed_mappings()' failed on 'My Mac - Keypath (46547)' (0.000 seconds)
Test case 'DataManagerTests/test_remove_all()' failed on 'My Mac - Keypath (46547)' (0.000 seconds)
Test case 'DataManagerTests/test_fetchAllSavedKeybinds()' failed on 'My Mac - Keypath (46547)' (0.000 seconds)
Test case 'KeypathCommandManagerTests/test_initialization()' failed on 'My Mac - Keypath (46547)' (0.000 seconds)
Test case 'KeypathCommandManagerTests/test_setPaths()' failed on 'My Mac - Keypath (46547)' (0.000 seconds)
Test case 'KeypathCommandManagerTests/test_resetIndex()' failed on 'My Mac - Keypath (46547)' (0.000 seconds)
Test case 'KeypathCommandManagerTests/test_shifting()' failed on 'My Mac - Keypath (46547)' (0.000 seconds)
